// Jest Snapshot v1, https://goo.gl/fbAQLP

exports[`render Header 1`] = `
<header
  className="header"
>
  <div
    className="content-container"
  >
    <div
      className="header__content"
    >
      <[object Object]
        className="header__title"
        to="/dashboard"
      >
        <h1>
          App Title
        </h1>
      </[object Object]>
      <button
        className="button button--link"
        onClick={[MockFunction]}
      >
        logout
      </button>
    </div>
  </div>
</header>
`;
