// Jest Snapshot v1, https://goo.gl/fbAQLP

exports[`render loading page 1`] = `
<div
  className="loader"
>
  <img
    className="loader__image"
    src="/img/loading.gif"
  />
</div>
`;
