// Jest Snapshot v1, https://goo.gl/fbAQLP

exports[`render Login page 1`] = `
<div
  className="box-layout"
>
  <div
    className="box-layout__box"
  >
    <h1
      className="box-layout__title"
    >
      App Title
    </h1>
    <p>
      App tagline
    </p>
    <button
      className="button"
      onClick={[MockFunction]}
    >
      login with google
    </button>
  </div>
</div>
`;
