// Jest Snapshot v1, https://goo.gl/fbAQLP

exports[`render NotFound page 1`] = `
<div>
  404..you wanna go 
  <[object Object]
    to="/"
  >
    home?
  </[object Object]>
</div>
`;
